{
  "status": "fetched",
  "timestamp": "2026-05-10T18:46:19.754Z",
  "count": 2,
  "error": null,
  "first_item": {
    "id": "e525262b-5588-4241-badc-673592dcde14",
    "name": "Shift Pagi",
    "start_time": "08:00:00",
    "end_time": "17:00:00",
    "days": [
      "Selasa",
      "Rabu",
      "Kamis",
      "Jumat",
      "Sabtu",
      "Minggu",
      "Senin"
    ],
    "created_at": "2026-05-10T18:20:51.188377+00:00",
    "work_shift_assignments": [
      {
        "id": "8501e46a-6f0e-4cb7-ab05-f7a620308258",
        "profiles": {
          "full_name": "Tenti",
          "avatar_url": "https://dazsblmccvxtewtmaljf.supabase.co/storage/v1/object/public/profiles/avatars/7960ea9e-caf5-4714-aede-fb898c7dd569-1778250877752.jpg",
          "employee_id": "RB-202605-1134"
        },
        "profile_id": "09836ad0-a38d-4b63-8076-541f37f19fec"
      }
    ]
  }
}